python : C:\Users\USER\Downloads\oaz\FGcategoriap
rodutooaz\test_real_send.py:27: 
DeprecationWarning: 
datetime.datetime.utcfromtimestamp() is 
deprecated and scheduled for removal in a future 
version. Use timezone-aware objects to represent 
datetimes in UTC: 
datetime.datetime.fromtimestamp(timestamp, 
datetime.UTC).
No linha:1 caractere:1
+ python -u test_real_send.py 2>&1 | Out-File 
-Encoding utf8 test_outpu ...
+ ~~~~~~~~~~~~~~~~~~~~~~~~~~~~~~~~
    + CategoryInfo          : NotSpecified: (C:\ 
   Users\USER\D... datetime.UTC).:String) [], R  
  emoteException
    + FullyQualifiedErrorId : NativeCommandError
 
  iat = 
datetime.utcfromtimestamp(jwt_claims.get('iat', 
0))
C:\Users\USER\Downloads\oaz\FGcategoriaprodutooaz
\test_real_send.py:28: DeprecationWarning: 
datetime.datetime.utcfromtimestamp() is 
deprecated and scheduled for removal in a future 
version. Use timezone-aware objects to represent 
datetimes in UTC: 
datetime.datetime.fromtimestamp(timestamp, 
datetime.UTC).
  exp = 
datetime.utcfromtimestamp(jwt_claims.get('exp', 
0))
C:\Users\USER\Downloads\oaz\FGcategoriaprodutooaz
\test_real_send.py:29: DeprecationWarning: 
datetime.datetime.utcnow() is deprecated and 
scheduled for removal in a future version. Use 
timezone-aware objects to represent datetimes in 
UTC: datetime.datetime.now(datetime.UTC).
  now = datetime.utcnow()
=== JWT CHECK ===
  Subject:  95
  Issuer:   https://oaz.fluxogama.com.br/rest/api/v1/autenticacao
  Audience: (not set)
  Issued:   2026-02-25 17:13:43
  Expires:  2026-02-26 08:13:43
  Now:      2026-02-25 17:36:20.346268
  Expired:  False

[rpa-monitor-client] Iniciando RPA: APP-CATEGORIA-PRODUTO-OAZ
[rpa-monitor-client] Transport: ws
[rpa-monitor-client] Destino: wss://appinsight.com.br/ws
[rpa-monitor-client] WS loop iniciado em wss://appinsight.com.br/ws
[rpa-monitor-client] Heartbeat iniciado (intervalo: 5s)
[rpa-monitor-client] Conectando WebSocket em wss://appinsight.com.br/ws ...
RPA Monitor connected successfully
[rpa-monitor-client] WebSocket conectado.
============================================================
 STEP 1: Preview (GET payload) - ficha=2 item=8
============================================================
Status: 200
Valid: True
Errors: []
[PASS] Preview OK

============================================================
 STEP 2: Dry-run (POST ?dry_run=1)
============================================================
Status: 200
Fluxogama status: dry_run
[PASS] Dry-run OK

============================================================
 STEP 3: REAL SEND (POST without dry_run)
============================================================
Fluxogama HTTP ERROR | status=400 Bad Request | 
elapsed=0.50s | body={"mensagens":["Todos os 
registros (1) estÒo invßlidos, erros:","Modelo 
nÒo encontrado (sem id), ignorando. WsVoModelo 
[id=null, referencia=OAZ-REF-001, colecao=VERAO 
2026, subetapa=null, subetapaOrigem=null, 
subetapaDestino=null, codigo=null, 
campos={uno.19=VERAO, uno.23=100% Algodao, 
uno.24=POLYESTER, cores=[{cor=BRANCO, 
variante=0}], uno.25=M, uno.5=2026-03-15, 
uno.386=Blusa feminina malha algodao estampada, 
uno.7=Integrado, uno.443=Primeira remessa teste, 
ws_id=ficha:2|item:8, uno.1=BLUSA FEM
Status: 200

Full response:
{
  "dry_run": false,
  "errors": [],
  "ficha_id": 2,
  "fluxogama_error": "HTTP 400: Bad Request",
  "fluxogama_http_status": 400,
  "fluxogama_response": "{\"mensagens\":[\"Todos os registros (1) est├úo inv├ílidos, erros:\",\"Modelo n├úo encontrado (sem id), ignorando. WsVoModelo [id=null, referencia=OAZ-REF-001, colecao=VERAO 2026, subetapa=null, subetapaOrigem=null, subetapaDestino=null, codigo=null, campos={uno.19=VERAO, uno.23=100% Algodao, uno.24=POLYESTER, cores=[{cor=BRANCO, variante=0}], uno.25=M, uno.5=2026-03-15, uno.386=Blusa feminina malha algodao estampada, uno.7=Integrado, uno.443=Primeira remessa teste, ws_id=ficha:2|item:8, uno.1=BLUSA FEMININA MALHA, uno.2=Primeira remessa teste, uno.3=Blusa feminina malha algodao estampada, uno.21=FOB, uno.8=TEST SUPPLIER CO., uno.309=65.0, uno.9=China, uno.11=VESTUARIO, uno.12=BLUSA, uno.16=TST-001, uno.18=FEMININO, uno.310=50.0, uno.50=6110.20.00, uno.311=, uno.74=Varejo e Atacado, uno.313=0.15, uno.54=}]\"],\"total\":0,\"atualizados\":0}",
  "fluxogama_status": "error",
  "item_id": 8,
  "payload": {
    "colecao": "VERAO 2026",
    "cores": [
      {
        "cor": "BRANCO",
        "variante": 0
      }
    ],
    "referencia": "OAZ-REF-001",
    "uno.1": "BLUSA FEMININA MALHA",
    "uno.11": "VESTUARIO",
    "uno.12": "BLUSA",
    "uno.16": "TST-001",
    "uno.18": "FEMININO",
    "uno.19": "VERAO",
    "uno.2": "Primeira remessa teste",
    "uno.21": "FOB",
    "uno.23": "100% Algodao",
    "uno.24": "POLYESTER",
    "uno.25": "M",
    "uno.3": "Blusa feminina malha algodao estampada",
    "uno.309": 65.0,
    "uno.310": 50.0,
    "uno.311": "",
    "uno.313": 0.15,
    "uno.386": "Blusa feminina malha algodao estampada",
    "uno.443": "Primeira remessa teste",
    "uno.5": "2026-03-15",
    "uno.50": "6110.20.00",
    "uno.54": "",
    "uno.7": "Integrado",
    "uno.74": "Varejo e Atacado",
    "uno.8": "TEST SUPPLIER CO.",
    "uno.9": "China",
    "ws_id": "ficha:2|item:8"
  },
  "sent": false,
  "timestamp": "2026-02-25T17:36:24.555140Z",
  "valid": true,
  "warnings": []
}

[FAIL] REAL SEND RESULT: error
   Error: HTTP 400: Bad Request

============================================================
 STEP 4: Dedup post-send (repeat without force)
============================================================
Fluxogama HTTP ERROR | status=400 Bad Request | 
elapsed=0.51s | body={"mensagens":["Todos os 
registros (1) estÒo invßlidos, erros:","Modelo 
nÒo encontrado (sem id), ignorando. WsVoModelo 
[id=null, referencia=OAZ-REF-001, colecao=VERAO 
2026, subetapa=null, subetapaOrigem=null, 
subetapaDestino=null, codigo=null, 
campos={uno.19=VERAO, uno.23=100% Algodao, 
uno.24=POLYESTER, cores=[{cor=BRANCO, 
variante=0}], uno.25=M, uno.5=2026-03-15, 
uno.386=Blusa feminina malha algodao estampada, 
uno.7=Integrado, uno.443=Primeira remessa teste, 
ws_id=ficha:2|item:8, uno.1=BLUSA FEM
Status: 200
[INFO] Got 200 (409 expected only if STEP 3 succeeded)
{
  "dry_run": false,
  "errors": [],
  "ficha_id": 2,
  "fluxogama_error": "HTTP 400: Bad Request",
  "fluxogama_http_status": 400,
  "fluxogama_response": "{\"mensagens\":[\"Todos os registros (1) est├úo inv├ílidos, erros:\",\"Modelo n├úo encontrado (sem id), ignorando. WsVoModelo [id=null, referencia=OAZ-REF-001, colecao=VERAO 2026, subetapa=null, subetapaOrigem=null, subetapaDestino=null, codigo=null, campos={uno.19=VERAO, uno.23=100% Algodao, uno.24=POLYESTER, cores=[{cor=BRANCO, variante=0}], uno.25=M, uno.5=2026-03-15, uno.386=Blusa feminina malha algodao estampada, uno.7=Integrado, uno.443=Primeira remessa teste, ws_id=ficha:2|item:8, uno.1=BLUSA FEMININA MALHA, uno.2=Primeira remessa teste, uno.3=Blusa feminina malha algodao estampada, uno.21=FOB, uno.8=TEST SUPPLIER CO., uno.309=65.0, uno.9=China, uno.11=VESTUARIO, uno.12=BLUSA, uno.16=TST-001, uno.18=FEMININO, uno.310=50.0, uno.50=6110.20.00, uno.311=, uno.74=Varejo e Atacado, uno.313=0.15, uno.54=}]\"],\"total\":0,\"atualizados\":0}",
  "fluxogama_status": "error",
  "item_id": 8,
  "payload": {
    "colecao": "VERAO 2026",
    "cores": [
      {
        "cor": "BRANCO",
        "variante": 0
      }
    ],
    "referencia": "OAZ-REF-001",
    "uno.1": "BLUSA FEMININA MALHA",
    "uno.11": "VESTUARIO",
    "uno.12": "BLUSA",
    "uno.16": "TST-001",
    "uno.18": "FEMININO",
    "uno.19": "VERAO",
    "uno.2": "Primeira remessa teste",
    "uno.21": "FOB",
    "uno.23": "100% Algodao",
    "uno.24": "POLYESTER",
    "uno.25": "M",
    "uno.3": "Blusa feminina malha algodao estampada",
    "uno.309": 65.0,
    "uno.310": 50.0,
    "uno.311": "",
    "uno.313": 0.15,
    "uno.386": "Blusa feminina malha algodao estampada",
    "uno.443": "Primeira remessa teste",
    "uno.5": "2026-03-15",
    "uno.50": "6110.20.00",
    "uno.54": "",
    "uno.7": "Integrado",
    "uno.74": "Varejo e Atacado",
    "uno.8": "TEST SUPPLIER CO.",
    "uno.9": "China",
    "ws_id": "ficha:2|item:8"
  },
  "sent": false,
  "timestamp": "2026-02-25T17:36:26.362846Z",
  "valid": true,
  "warnings": []
}

============================================================
 STEP 5: Force resend (with force=1)
============================================================
Fluxogama HTTP ERROR | status=400 Bad Request | 
elapsed=0.50s | body={"mensagens":["Todos os 
registros (1) estÒo invßlidos, erros:","Modelo 
nÒo encontrado (sem id), ignorando. WsVoModelo 
[id=null, referencia=OAZ-REF-001, colecao=VERAO 
2026, subetapa=null, subetapaOrigem=null, 
subetapaDestino=null, codigo=null, 
campos={uno.19=VERAO, uno.23=100% Algodao, 
uno.24=POLYESTER, cores=[{cor=BRANCO, 
variante=0}], uno.25=M, uno.5=2026-03-15, 
uno.386=Blusa feminina malha algodao estampada, 
uno.7=Integrado, uno.443=Primeira remessa teste, 
ws_id=ficha:2|item:8, uno.1=BLUSA FEM
Status: 200
{
  "dry_run": false,
  "errors": [],
  "ficha_id": 2,
  "fluxogama_error": "HTTP 400: Bad Request",
  "fluxogama_http_status": 400,
  "fluxogama_response": "{\"mensagens\":[\"Todos os registros (1) est├úo inv├ílidos, erros:\",\"Modelo n├úo encontrado (sem id), ignorando. WsVoModelo [id=null, referencia=OAZ-REF-001, colecao=VERAO 2026, subetapa=null, subetapaOrigem=null, subetapaDestino=null, codigo=null, campos={uno.19=VERAO, uno.23=100% Algodao, uno.24=POLYESTER, cores=[{cor=BRANCO, variante=0}], uno.25=M, uno.5=2026-03-15, uno.386=Blusa feminina malha algodao estampada, uno.7=Integrado, uno.443=Primeira remessa teste, ws_id=ficha:2|item:8, uno.1=BLUSA FEMININA MALHA, uno.2=Primeira remessa teste, uno.3=Blusa feminina malha algodao estampada, uno.21=FOB, uno.8=TEST SUPPLIER CO., uno.309=65.0, uno.9=China, uno.11=VESTUARIO, uno.12=BLUSA, uno.16=TST-001, uno.18=FEMININO, uno.310=50.0, uno.50=6110.20.00, uno.311=, uno.74=Varejo e Atacado, uno.313=0.15, uno.54=}]\"],\"total\":0,\"atualizados\":0}",
  "fluxogama_status": "error",
  "item_id": 8,
  "payload": {
    "colecao": "VERAO 2026",
    "cores": [
      {
        "cor": "BRANCO",
        "variante": 0
      }
    ],
    "referencia": "OAZ-REF-001",
    "uno.1": "BLUSA FEMININA MALHA",
    "uno.11": "VESTUARIO",
    "uno.12": "BLUSA",
    "uno.16": "TST-001",
    "uno.18": "FEMININO",
    "uno.19": "VERAO",
    "uno.2": "Primeira remessa teste",
    "uno.21": "FOB",
    "uno.23": "100% Algodao",
    "uno.24": "POLYESTER",
    "uno.25": "M",
    "uno.3": "Blusa feminina malha algodao estampada",
    "uno.309": 65.0,
    "uno.310": 50.0,
    "uno.311": "",
    "uno.313": 0.15,
    "uno.386": "Blusa feminina malha algodao estampada",
    "uno.443": "Primeira remessa teste",
    "uno.5": "2026-03-15",
    "uno.50": "6110.20.00",
    "uno.54": "",
    "uno.7": "Integrado",
    "uno.74": "Varejo e Atacado",
    "uno.8": "TEST SUPPLIER CO.",
    "uno.9": "China",
    "ws_id": "ficha:2|item:8"
  },
  "sent": false,
  "timestamp": "2026-02-25T17:36:27.859063Z",
  "valid": true,
  "warnings": []
}
[PASS] Force resend OK

============================================================
 SUMMARY
============================================================
C:\Users\USER\Downloads\oaz\FGcategoriaprodutooaz
\test_real_send.py:141: LegacyAPIWarning: The 
Query.get() method is considered legacy as of 
the 1.x series of SQLAlchemy and becomes a 
legacy construct in 2.0. The method is now 
available as Session.get() (deprecated since: 
2.0) (Background on SQLAlchemy 2.0 at: 
https://sqlalche.me/e/b8d9)
  item = FichaTecnicaItem.query.get(item_id)
  Item 8 final DB state:
    fluxogama_status:  error
    fluxogama_sent_at: None
    fluxogama_response (first 300 chars): {"error": "HTTP 400: Bad Request", "http_status": 400, "response": "{\"mensagens\":[\"Todos os registros (1) est├úo inv├ílidos, erros:\",\"Modelo n├úo encontrado (sem id), ignorando. WsVoModelo [id=null, referencia=OAZ-REF-001, colecao=VERAO 2026, subetapa=null, subetapaOrigem=null, subetapaDestino=nul
